AR wishbone_to_registers rtl D:/MyProjects/Papilio/DesignLabSketchbook/DSP_Wing/Chip_Designer/../../../DesignLab-1.0.4/libraries/ZPUino_Wishbone_Peripherals/Wishbone_to_Registers.vhd sub00/vhpl01 1427145336
EN wishbone_to_registers NULL D:/MyProjects/Papilio/DesignLabSketchbook/DSP_Wing/Chip_Designer/../../../DesignLab-1.0.4/libraries/ZPUino_Wishbone_Peripherals/Wishbone_to_Registers.vhd sub00/vhpl00 1427145335
